
> bts-web@0.1.0 build
> next build

Γû▓ Next.js 16.1.3 (Turbopack)

  Creating an optimized production build ...
Γ£ô Compiled successfully in 5.3s
  Running TypeScript ...
node.exe : Failed to compile.
At C:\Program Files\nodejs\npm.ps1:29 char:3
+   & $NODE_EXE $NPM_CLI_JS $args
+   ~~~~~~~~~~~~~~~~~~~~~~~~~~~~~
    + CategoryInfo          : NotSpecified: (Failed to c 
   ompile.:String) [], RemoteException
    + FullyQualifiedErrorId : NativeCommandError
 

./app/page.tsx:49:24
Type error: Type '{ children: Element[]; hoverEffect: 
true; className: string; }' is not assignable to type 
'IntrinsicAttributes & GlassCardProps'.
  Property 'hoverEffect' does not exist on type 
'IntrinsicAttributes & GlassCardProps'.

[0m [90m 47 |[39m         [33m<[39m[33mdiv[39m 
className[33m=[39m[32m"grid grid-cols-1 
md:grid-cols-3 gap-6"[39m[33m>[39m
 [90m 48 |[39m           [33m<[39m[33mLink[39m 
href[33m=[39m[32m"/blog/guide"[39m 
className[33m=[39m[32m"group"[39m[33m>[39m
[31m[1m>[22m[39m[90m 49 |[39m             
[33m<[39m[33mGlassCard[39m hoverEffect 
className[33m=[39m[32m"text-left cursor-pointer 
h-full"[39m[33m>[39m
 [90m    |[39m                        
[31m[1m^[22m[39m
 [90m 50 |[39m               [33m<[39m[33mdiv[39m 
className[33m=[39m[32m"h-40 bg-purple-900/30 
rounded-lg mb-4 flex items-center justify-center text-4xl
"[39m[33m>[39m≡ƒÄƒ∩╕Å[33m<[39m[33m/[39m[33mdiv[3
9m[33m>[39m
 [90m 51 |[39m               [33m<[39m[33mh3[39m 
className[33m=[39m[32m"text-xl font-bold 
mb-2"[39m[33m>[39m[33mGu├¡a[39m de 
[33mSupervivencia[39m[33m:[39m [33mVenta[39m de [3
3mEntradas[39m[33m<[39m[33m/[39m[33mh3[39m[33m>[
39m
 [90m 52 |[39m               [33m<[39m[33mp[39m 
className[33m=[39m[32m"text-sm 
text-gray-400"[39m[33m>[39m[33mTodo[39m lo que 
necesitas saber para la fila virtual de [33mTeleticket[
39m[33m.[39m[33m<[39m[33m/[39m[33mp[39m[33m>[39
m[0m
Next.js build worker exited with code: 1 and signal: null
